   ▲ Next.js 15.5.8
   - Environments: .env
   - Experiments (use with caution):
     ✓ reactCompiler

   Creating an optimized production build ...
Failed to compile.

./src/app/layout.tsx
Error:   [31mx[0m `ssr: false` is not allowed with `next/dynamic` in Server Components. Please move it into a Client Component.
    ,-[[36;1;4mC:\Users\abcde\OneDrive\Desktop\codes\Apps\para\src\app\layout.tsx[0m:10:1]
 [2m 7[0m | import dynamic from "next/dynamic";
 [2m 8[0m | 
 [2m 9[0m | // Load QuickCaptureButton dynamically to avoid adding client bundle to server layout
 [2m10[0m | const QuickCaptureButton = dynamic(() => import("@/components/quick-capture-button"), { ssr: false });
    : [35;1m                           ^^^^^^^^^^^^^^^^^^^^^^^^^^^^^^^^^^^^^^^^^^^^^^^^^^^^^^^^^^^^^^^^^^^^^^^^^^[0m
 [2m11[0m | const ActiveProjectsBadge = dynamic(() => import("@/components/active-projects-badge"), { ssr: false });
 [2m12[0m | const QuickCaptureHint = dynamic(() => import("@/components/quick-capture-hint"), { ssr: false });
    `----
  [31mx[0m `ssr: false` is not allowed with `next/dynamic` in Server Components. Please move it into a Client Component.
    ,-[[36;1;4mC:\Users\abcde\OneDrive\Desktop\codes\Apps\para\src\app\layout.tsx[0m:11:1]
 [2m 8[0m | 
 [2m 9[0m | // Load QuickCaptureButton dynamically to avoid adding client bundle to server layout
 [2m10[0m | const QuickCaptureButton = dynamic(() => import("@/components/quick-capture-button"), { ssr: false });
 [2m11[0m | const ActiveProjectsBadge = dynamic(() => import("@/components/active-projects-badge"), { ssr: false });
    : [35;1m                            ^^^^^^^^^^^^^^^^^^^^^^^^^^^^^^^^^^^^^^^^^^^^^^^^^^^^^^^^^^^^^^^^^^^^^^^^^^^[0m
 [2m12[0m | const QuickCaptureHint = dynamic(() => import("@/components/quick-capture-hint"), { ssr: false });
 [2m13[0m | 
 [2m14[0m | // Force light theme script - runs before React hydrates
    `----
  [31mx[0m `ssr: false` is not allowed with `next/dynamic` in Server Components. Please move it into a Client Component.
    ,-[[36;1;4mC:\Users\abcde\OneDrive\Desktop\codes\Apps\para\src\app\layout.tsx[0m:12:1]
 [2m 9[0m | // Load QuickCaptureButton dynamically to avoid adding client bundle to server layout
 [2m10[0m | const QuickCaptureButton = dynamic(() => import("@/components/quick-capture-button"), { ssr: false });
 [2m11[0m | const ActiveProjectsBadge = dynamic(() => import("@/components/active-projects-badge"), { ssr: false });
 [2m12[0m | const QuickCaptureHint = dynamic(() => import("@/components/quick-capture-hint"), { ssr: false });
    : [35;1m                         ^^^^^^^^^^^^^^^^^^^^^^^^^^^^^^^^^^^^^^^^^^^^^^^^^^^^^^^^^^^^^^^^^^^^^^^^[0m
 [2m13[0m | 
 [2m14[0m | // Force light theme script - runs before React hydrates
 [2m15[0m | const forceLightThemeScript = (
    `----

Import trace for requested module:
./src/app/layout.tsx


> Build failed because of webpack errors
