   ▲ Next.js 15.5.8
   - Environments: .env
   - Experiments (use with caution):
     ✓ reactCompiler

   Creating an optimized production build ...
 ✓ Compiled successfully in 14.9s
   Linting and checking validity of types ...

Failed to compile.

./src/app/(dashboard)/inbox/actions.ts
8:15  Warning: 'Prisma' is defined but never used.  @typescript-eslint/no-unused-vars

./src/app/(dashboard)/inbox/page.tsx
12:10  Warning: 'InboxCaptureForm' is defined but never used.  @typescript-eslint/no-unused-vars
15:10  Warning: 'createItem' is defined but never used.  @typescript-eslint/no-unused-vars

./src/app/admin/telemetry/page.tsx
4:10  Warning: 'redirect' is defined but never used.  @typescript-eslint/no-unused-vars
41:46  Error: Unexpected any. Specify a different type.  @typescript-eslint/no-explicit-any

./src/app/api/admin/ratelimit-status/route.ts
8:27  Warning: 'request' is defined but never used.  @typescript-eslint/no-unused-vars

./src/app/api/ai-credits/route.ts
19:7  Warning: Unused eslint-disable directive (no problems were reported from 'no-console').

./src/app/api/archive/bulk-restore/route.ts
24:7  Warning: Unused eslint-disable directive (no problems were reported from 'no-console').

./src/app/api/areas/route.ts
39:7  Warning: Unused eslint-disable directive (no problems were reported from 'no-console').

./src/app/api/areas/[id]/goals/route.ts
36:7  Warning: Unused eslint-disable directive (no problems were reported from 'no-console').
89:7  Warning: Unused eslint-disable directive (no problems were reported from 'no-console').

./src/app/api/areas/[id]/goals/[goalId]/route.ts
36:7  Warning: Unused eslint-disable directive (no problems were reported from 'no-console').
121:7  Warning: Unused eslint-disable directive (no problems were reported from 'no-console').

./src/app/api/assist/ingest/route.ts
27:5  Warning: Unused eslint-disable directive (no problems were reported from 'no-console').

./src/app/api/calendar/route.ts
33:7  Warning: Unused eslint-disable directive (no problems were reported from 'no-console').

./src/app/api/classify/route.ts
39:16  Warning: 'classifyWithAI' is defined but never used.  @typescript-eslint/no-unused-vars

./src/app/api/email/send/route.ts
29:7  Warning: Unused eslint-disable directive (no problems were reported from 'no-console').

./src/app/api/export/route.ts
36:7  Warning: Unused eslint-disable directive (no problems were reported from 'no-console').

./src/app/api/focus-sessions/route.ts
29:7  Warning: Unused eslint-disable directive (no problems were reported from 'no-console').

./src/app/api/inbox/quick-capture/route.ts
25:7  Warning: Unused eslint-disable directive (no problems were reported from 'no-console').
35:65  Error: Unexpected any. Specify a different type.  @typescript-eslint/no-explicit-any
45:19  Error: Unexpected any. Specify a different type.  @typescript-eslint/no-explicit-any
56:11  Warning: Unused eslint-disable directive (no problems were reported from 'no-console').
63:7  Warning: Unused eslint-disable directive (no problems were reported from 'no-console').
85:5  Warning: Unused eslint-disable directive (no problems were reported from 'no-console').

./src/app/api/inbox/suggest-projects/route.ts
47:13  Warning: 'aiResult' is assigned a value but never used.  @typescript-eslint/no-unused-vars

./src/app/api/items/classify/route.ts
32:7  Warning: Unused eslint-disable directive (no problems were reported from 'no-console').

./src/app/api/items/duplicates/route.ts
20:7  Warning: Unused eslint-disable directive (no problems were reported from 'no-console').

./src/app/api/items/route.ts
44:7  Warning: Unused eslint-disable directive (no problems were reported from 'no-console').

./src/app/api/items/[id]/route.ts
26:7  Warning: Unused eslint-disable directive (no problems were reported from 'no-console').

./src/app/api/items/[id]/tags/route.ts
31:7  Warning: Unused eslint-disable directive (no problems were reported from 'no-console').

./src/app/api/notification-preferences/route.ts
49:7  Warning: Unused eslint-disable directive (no problems were reported from 'no-console').

./src/app/api/notifications/read-all/route.ts
18:7  Warning: Unused eslint-disable directive (no problems were reported from 'no-console').

./src/app/api/notifications/[id]/read/route.ts
22:7  Warning: Unused eslint-disable directive (no problems were reported from 'no-console').

./src/app/api/onboarding/complete/route.ts
22:7  Warning: Unused eslint-disable directive (no problems were reported from 'no-console').

./src/app/api/para/active-status/route.ts
6:27  Warning: 'request' is defined but never used.  @typescript-eslint/no-unused-vars

./src/app/api/projects/route.ts
57:7  Warning: Unused eslint-disable directive (no problems were reported from 'no-console').
92:10  Error: Unexpected any. Specify a different type.  @typescript-eslint/no-explicit-any

./src/app/api/projects/[id]/milestones/route.ts
33:7  Warning: Unused eslint-disable directive (no problems were reported from 'no-console').

./src/app/api/projects/[id]/milestones/[milestoneId]/route.ts
33:7  Warning: Unused eslint-disable directive (no problems were reported from 'no-console').

./src/app/api/projects/[id]/notes/route.ts
27:7  Warning: Unused eslint-disable directive (no problems were reported from 'no-console').

./src/app/api/projects/[id]/route.ts
34:7  Warning: Unused eslint-disable directive (no problems were reported from 'no-console').

./src/app/api/quick-capture/route.ts
22:14  Warning: 'e' is defined but never used.  @typescript-eslint/no-unused-vars
43:7  Warning: Unused eslint-disable directive (no problems were reported from 'no-console').
59:14  Warning: 'e' is defined but never used.  @typescript-eslint/no-unused-vars
81:7  Warning: Unused eslint-disable directive (no problems were reported from 'no-console').

./src/app/api/referrals/route.ts
22:7  Warning: Unused eslint-disable directive (no problems were reported from 'no-console').

./src/app/api/resource-preview/route.ts
25:7  Warning: Unused eslint-disable directive (no problems were reported from 'no-console').
78:19  Error: Unexpected any. Specify a different type.  @typescript-eslint/no-explicit-any
87:12  Error: Unexpected any. Specify a different type.  @typescript-eslint/no-explicit-any

./src/app/api/resources/route.ts
39:7  Warning: Unused eslint-disable directive (no problems were reported from 'no-console').

./src/app/api/resources/[id]/notes/route.ts
31:7  Warning: Unused eslint-disable directive (no problems were reported from 'no-console').

./src/app/api/resources/[id]/tags/route.ts
64:7  Warning: Unused eslint-disable directive (no problems were reported from 'no-console').

./src/app/api/reviews/[id]/share/route.ts
22:7  Warning: Unused eslint-disable directive (no problems were reported from 'no-console').

./src/app/api/saved-searches/route.ts
47:7  Warning: Unused eslint-disable directive (no problems were reported from 'no-console').

./src/app/api/saved-searches/[id]/route.ts
66:7  Warning: Unused eslint-disable directive (no problems were reported from 'no-console').
152:7  Warning: Unused eslint-disable directive (no problems were reported from 'no-console').

./src/app/api/settings/route.ts
56:7  Warning: Unused eslint-disable directive (no problems were reported from 'no-console').

./src/app/api/stripe/webhook/route.ts
180:5  Warning: Unused eslint-disable directive (no problems were reported from 'no-console').

./src/app/api/suggestions/route.ts
20:7  Warning: Unused eslint-disable directive (no problems were reported from 'no-console').

./src/app/api/tags/route.ts
45:7  Warning: Unused eslint-disable directive (no problems were reported from 'no-console').

./src/app/api/weekly-review/route.ts
29:7  Warning: Unused eslint-disable directive (no problems were reported from 'no-console').

./src/components/active-projects-badge.tsx
15:9  Warning: 'warningThreshold' is assigned a value but never used.  @typescript-eslint/no-unused-vars

./src/components/centered-capture.tsx
25:40  Warning: '_classification' is defined but never used.  @typescript-eslint/no-unused-vars

./src/lib/ai-safe.ts
20:9  Warning: Unused eslint-disable directive (no problems were reported from 'no-param-reassign').
26:11  Warning: Unused eslint-disable directive (no problems were reported from 'no-param-reassign').
28:11  Warning: Unused eslint-disable directive (no problems were reported from 'no-param-reassign').
33:11  Warning: Unused eslint-disable directive (no problems were reported from 'no-param-reassign').

./src/lib/env.ts
23:5  Warning: Unused eslint-disable directive (no problems were reported from 'no-console').

./src/lib/prompt-logger.ts
18:12  Warning: 'e' is defined but never used.  @typescript-eslint/no-unused-vars

./src/lib/safe-fetch-url.ts
12:22  Error: Unexpected any. Specify a different type.  @typescript-eslint/no-explicit-any
12:52  Error: Unexpected any. Specify a different type.  @typescript-eslint/no-explicit-any

./src/lib/useProjectQuota.ts
37:5  Warning: Unused eslint-disable directive (no problems were reported from 'react-hooks/exhaustive-deps').

info  - Need to disable some ESLint rules? Learn more here: https://nextjs.org/docs/app/api-reference/config/eslint#disabling-rules
